// Jest Snapshot v1, https://goo.gl/fbAQLP

exports[`Empty Screen Render & screenName 1`] = `
<View
  style={
    Object {
      "flex": 1,
    }
  }
>
  <View
    style={
      Array [
        Object {
          "backgroundColor": "#6200ee",
          "elevation": 2,
          "zIndex": 2,
        },
        Object {
          "shadowColor": "#000000",
          "shadowOffset": Object {
            "height": 0.75,
            "width": 0,
          },
          "shadowOpacity": 0.24,
          "shadowRadius": 1.5,
        },
      ]
    }
  >
    <View
      collapsable={false}
      nativeID="animatedComponent"
      style={
        Object {
          "alignItems": "center",
          "backgroundColor": "#6200ee",
          "elevation": 0,
          "flexDirection": "row",
          "height": 56,
          "marginTop": "android",
          "paddingHorizontal": 4,
        }
      }
    >
      <View
        style={
          Object {
            "alignItems": "center",
            "flex": 1,
            "flexDirection": "row",
          }
        }
      >
        <View
          testID="header"
        >
          <View
            accessible={true}
            focusable={true}
            onClick={[Function]}
            onResponderGrant={[Function]}
            onResponderMove={[Function]}
            onResponderRelease={[Function]}
            onResponderTerminate={[Function]}
            onResponderTerminationRequest={[Function]}
            onStartShouldSetResponder={[Function]}
            style={
              Array [
                Object {
                  "overflow": "hidden",
                },
                Object {
                  "backgroundColor": "#6200ee",
                  "borderRadius": 5,
                },
              ]
            }
            testID="navigate-empty"
          >
            <View
              style={
                Array [
                  Object {
                    "alignItems": "center",
                    "flexDirection": "row",
                    "justifyContent": "flex-start",
                    "padding": 8,
                  },
                  Object {
                    "backgroundColor": "#6200ee",
                    "borderRadius": 5,
                  },
                  undefined,
                ]
              }
            >
              <Text
                allowFontScaling={false}
                selectable={false}
                style={
                  Array [
                    Object {
                      "color": "white",
                      "fontSize": 25,
                    },
                    Object {
                      "marginRight": 10,
                    },
                    Object {
                      "fontFamily": "android",
                      "fontStyle": "normal",
                      "fontWeight": "normal",
                    },
                    Object {},
                  ]
                }
              >
                
              </Text>
            </View>
          </View>
        </View>
        <Text
          style={
            Array [
              Object {
                "color": "#000000",
              },
              Object {
                "textAlign": "left",
              },
              Object {
                "color": "white",
                "fontFamily": "Roboto-Regular",
                "fontSize": 17,
                "fontWeight": "700",
                "letterSpacing": 0.8,
                "marginLeft": 187.5,
              },
            ]
          }
          testID="undefined"
        >
          Accounts
        </Text>
      </View>
    </View>
  </View>
  <RCTScrollView>
    <View>
      <View
        style={
          Object {
            "alignItems": "center",
            "flex": 1,
            "height": 1067.2,
            "justifyContent": "center",
          }
        }
      >
        <Text
          style={
            Array [
              Object {
                "color": "#000000",
              },
              Object {
                "textAlign": "left",
              },
              Object {
                "color": "#000000",
                "fontFamily": "RobotoCondensed-Regular",
                "fontSize": 14,
                "fontWeight": "normal",
              },
            ]
          }
          testID="test-screenName"
        >
          Accounts
        </Text>
      </View>
    </View>
  </RCTScrollView>
</View>
`;

exports[`Empty Screen Render & title 1`] = `
<View
  style={
    Object {
      "flex": 1,
    }
  }
>
  <View
    style={
      Array [
        Object {
          "backgroundColor": "#6200ee",
          "elevation": 2,
          "zIndex": 2,
        },
        Object {
          "shadowColor": "#000000",
          "shadowOffset": Object {
            "height": 0.75,
            "width": 0,
          },
          "shadowOpacity": 0.24,
          "shadowRadius": 1.5,
        },
      ]
    }
  >
    <View
      collapsable={false}
      nativeID="animatedComponent"
      style={
        Object {
          "alignItems": "center",
          "backgroundColor": "#6200ee",
          "elevation": 0,
          "flexDirection": "row",
          "height": 56,
          "marginTop": "android",
          "paddingHorizontal": 4,
        }
      }
    >
      <View
        style={
          Object {
            "alignItems": "center",
            "flex": 1,
            "flexDirection": "row",
          }
        }
      >
        <View
          testID="header"
        >
          <View
            accessible={true}
            focusable={true}
            onClick={[Function]}
            onResponderGrant={[Function]}
            onResponderMove={[Function]}
            onResponderRelease={[Function]}
            onResponderTerminate={[Function]}
            onResponderTerminationRequest={[Function]}
            onStartShouldSetResponder={[Function]}
            style={
              Array [
                Object {
                  "overflow": "hidden",
                },
                Object {
                  "backgroundColor": "#6200ee",
                  "borderRadius": 5,
                },
              ]
            }
            testID="navigate-empty"
          >
            <View
              style={
                Array [
                  Object {
                    "alignItems": "center",
                    "flexDirection": "row",
                    "justifyContent": "flex-start",
                    "padding": 8,
                  },
                  Object {
                    "backgroundColor": "#6200ee",
                    "borderRadius": 5,
                  },
                  undefined,
                ]
              }
            >
              <Text
                allowFontScaling={false}
                selectable={false}
                style={
                  Array [
                    Object {
                      "color": "white",
                      "fontSize": 25,
                    },
                    Object {
                      "marginRight": 10,
                    },
                    Object {
                      "fontFamily": "android",
                      "fontStyle": "normal",
                      "fontWeight": "normal",
                    },
                    Object {},
                  ]
                }
              >
                
              </Text>
            </View>
          </View>
        </View>
        <Text
          style={
            Array [
              Object {
                "color": "#000000",
              },
              Object {
                "textAlign": "left",
              },
              Object {
                "color": "white",
                "fontFamily": "Roboto-Regular",
                "fontSize": 17,
                "fontWeight": "700",
                "letterSpacing": 0.8,
                "marginLeft": 187.5,
              },
            ]
          }
          testID="undefined"
        >
          Accounts
        </Text>
      </View>
    </View>
  </View>
  <RCTScrollView>
    <View>
      <View
        style={
          Object {
            "alignItems": "center",
            "flex": 1,
            "height": 1067.2,
            "justifyContent": "center",
          }
        }
      >
        <Text
          style={
            Array [
              Object {
                "color": "#000000",
              },
              Object {
                "textAlign": "left",
              },
              Object {
                "color": "#000000",
                "fontFamily": "RobotoCondensed-Regular",
                "fontSize": 14,
                "fontWeight": "normal",
              },
            ]
          }
          testID="test-screenName"
        >
          Accounts
        </Text>
      </View>
    </View>
  </RCTScrollView>
</View>
`;

exports[`Empty Screen Render 1`] = `
<View
  style={
    Object {
      "flex": 1,
    }
  }
>
  <View
    style={
      Array [
        Object {
          "backgroundColor": "#6200ee",
          "elevation": 2,
          "zIndex": 2,
        },
        Object {
          "shadowColor": "#000000",
          "shadowOffset": Object {
            "height": 0.75,
            "width": 0,
          },
          "shadowOpacity": 0.24,
          "shadowRadius": 1.5,
        },
      ]
    }
  >
    <View
      collapsable={false}
      nativeID="animatedComponent"
      style={
        Object {
          "alignItems": "center",
          "backgroundColor": "#6200ee",
          "elevation": 0,
          "flexDirection": "row",
          "height": 56,
          "marginTop": "android",
          "paddingHorizontal": 4,
        }
      }
    >
      <View
        style={
          Object {
            "alignItems": "center",
            "flex": 1,
            "flexDirection": "row",
          }
        }
      >
        <View
          testID="header"
        >
          <View
            accessible={true}
            focusable={true}
            onClick={[Function]}
            onResponderGrant={[Function]}
            onResponderMove={[Function]}
            onResponderRelease={[Function]}
            onResponderTerminate={[Function]}
            onResponderTerminationRequest={[Function]}
            onStartShouldSetResponder={[Function]}
            style={
              Array [
                Object {
                  "overflow": "hidden",
                },
                Object {
                  "backgroundColor": "#6200ee",
                  "borderRadius": 5,
                },
              ]
            }
            testID="navigate-empty"
          >
            <View
              style={
                Array [
                  Object {
                    "alignItems": "center",
                    "flexDirection": "row",
                    "justifyContent": "flex-start",
                    "padding": 8,
                  },
                  Object {
                    "backgroundColor": "#6200ee",
                    "borderRadius": 5,
                  },
                  undefined,
                ]
              }
            >
              <Text
                allowFontScaling={false}
                selectable={false}
                style={
                  Array [
                    Object {
                      "color": "white",
                      "fontSize": 25,
                    },
                    Object {
                      "marginRight": 10,
                    },
                    Object {
                      "fontFamily": "android",
                      "fontStyle": "normal",
                      "fontWeight": "normal",
                    },
                    Object {},
                  ]
                }
              >
                
              </Text>
            </View>
          </View>
        </View>
        <Text
          style={
            Array [
              Object {
                "color": "#000000",
              },
              Object {
                "textAlign": "left",
              },
              Object {
                "color": "white",
                "fontFamily": "Roboto-Regular",
                "fontSize": 17,
                "fontWeight": "700",
                "letterSpacing": 0.8,
                "marginLeft": 187.5,
              },
            ]
          }
          testID="undefined"
        >
          Accounts
        </Text>
      </View>
    </View>
  </View>
  <RCTScrollView>
    <View>
      <View
        style={
          Object {
            "alignItems": "center",
            "flex": 1,
            "height": 1067.2,
            "justifyContent": "center",
          }
        }
      >
        <Text
          style={
            Array [
              Object {
                "color": "#000000",
              },
              Object {
                "textAlign": "left",
              },
              Object {
                "color": "#000000",
                "fontFamily": "RobotoCondensed-Regular",
                "fontSize": 14,
                "fontWeight": "normal",
              },
            ]
          }
          testID="test-screenName"
        >
          Accounts
        </Text>
      </View>
    </View>
  </RCTScrollView>
</View>
`;
